version https://git-lfs.github.com/spec/v1
oid sha256:d916f75d81b7e3e3163ec289605f9103ea6fe749ac12a944aa5a01fba57c7c3d
size 12280
