version https://git-lfs.github.com/spec/v1
oid sha256:75987948e11ee2a6fb9c326c541ad5d5ee6dfa21f73c2bccbe8bfa2a44b49aff
size 20548
