version https://git-lfs.github.com/spec/v1
oid sha256:96165dbb5386479a70c23908338e1ca7830fda0636c125acab647ac7b203a48c
size 2241127
