version https://git-lfs.github.com/spec/v1
oid sha256:82c709065df7d3b1be6a9398fa04fcd0cfd37ca6f68c7459dddb07f8fe768d85
size 2241191
