version https://git-lfs.github.com/spec/v1
oid sha256:729ac7b43e730e935e99146902719895d16c95a56e2a31b8d95c1fc8d4447fcf
size 9874
