version https://git-lfs.github.com/spec/v1
oid sha256:dee66bc31f58e24b696d7513e66f26e43c610c50cf9870271cf505ccc167d385
size 3209
