version https://git-lfs.github.com/spec/v1
oid sha256:151694b1bb233ec4c0940bcea246254c57f8a9a62b33fa816d6a94fa6bd7c953
size 10285
