version https://git-lfs.github.com/spec/v1
oid sha256:090efe3c6bbc7d648137c0b93f623452c96fe13122b9592e6ac57b574a409857
size 1403
