version https://git-lfs.github.com/spec/v1
oid sha256:146d7cf7541d79d6baec45aec4541c2a8d687dc5b301c08b77b4a7ad39f15ede
size 1597
