version https://git-lfs.github.com/spec/v1
oid sha256:aab68e665fc049322bae0dc38d32b83d08b8b28b56602df002fe51e3698b5583
size 10056
