version https://git-lfs.github.com/spec/v1
oid sha256:216a7410336b9d5f66d54ff40c53a731248eafd4a4b90079e8d19ce9d0423f4f
size 2102
