version https://git-lfs.github.com/spec/v1
oid sha256:302be9ce3ec7b6d1a37650d620a28ddef7a9cf74c5e92753482e46d4708828a9
size 9496
