version https://git-lfs.github.com/spec/v1
oid sha256:8a95f594cbbd0c8b9973fc9a6c06fd19093a624d3fdf7e446f296d51ade24748
size 8025
