version https://git-lfs.github.com/spec/v1
oid sha256:f2764d538dd14d07365f64d2ec3b41c7ce6d1a4d1aef6596945e9a8d46b81328
size 63181
