version https://git-lfs.github.com/spec/v1
oid sha256:d9bd12b401946effb2537ddcd133a37127966944fb4e990923bb34c535e910a3
size 26250
