version https://git-lfs.github.com/spec/v1
oid sha256:6dcb9557b2b788a77692a195b50caa4357576c6792f7baf803b7b40161871130
size 7986
