version https://git-lfs.github.com/spec/v1
oid sha256:a92f0a6f42827b60d0efbd9c04ea846e9281d0f14ce3d89769b54a3b99c45e34
size 11580
