version https://git-lfs.github.com/spec/v1
oid sha256:ae5de8a4f72b3fb25b218c495030fe5128ee80831de6779274996b83f0807ff5
size 19891
