version https://git-lfs.github.com/spec/v1
oid sha256:774c6399c54703ce878c672b49edf08f5d4a66c603c8f9fd24f1ce0310eafe20
size 20106
