version https://git-lfs.github.com/spec/v1
oid sha256:a69afb1efd41c1632f5f9b06fa9dfbccc8dd6b130fe50f9254622e45302c3361
size 9920
