version https://git-lfs.github.com/spec/v1
oid sha256:30c0ab088c88c10b3b23461fcb00eeeb08a6d785adf47a2648b0abd77aae5621
size 20255
