version https://git-lfs.github.com/spec/v1
oid sha256:4303699240d63502cd7e5300a164a0d379ccc7f9f602f71f67145c748c1cc6e0
size 10288
