version https://git-lfs.github.com/spec/v1
oid sha256:479c71b5abdf6be617d440159527fb75071953e1f6f44f2eabd6a8778669887d
size 20295
