version https://git-lfs.github.com/spec/v1
oid sha256:576eaca8163e5b3487be300077ff22ee1b7e1a52d5963a399f1d4e0feabde723
size 66414
