version https://git-lfs.github.com/spec/v1
oid sha256:ac8cf260cd52c3ea4b111f671d2346ca748c42214e1e5c085f9a0986234dad10
size 9873
