version https://git-lfs.github.com/spec/v1
oid sha256:b32b091a41977d62448ff2f4b9a16b4a0c521cdb637f4685d0214cf5a091118b
size 7202
