version https://git-lfs.github.com/spec/v1
oid sha256:edc3dfb19b2e2e390b72131c3c37ec3329ec6d8fe62291803bc2a23b54942014
size 8494
