version https://git-lfs.github.com/spec/v1
oid sha256:9d3b441a251d16fe672df82f85e73c785777f1f79e155a846ac3138362339d37
size 11493
